       1                                ; File: OT_01.mac
       2                                ; Tests:  Trace file generation
       3                                
       4                                .RADIX 10
       5                                
       6                                .PSECT ABS
       7                                
       8 000144                         .=.+100
       9 000144 000005                  VAL1:     .WORD   5
      10                                
      11 000310                         .=.+98
      12 000310 000006                  VAL2:     .WORD   6
      13                                
      14                                .PSECT REL
      15                                
      16                                START:
      17 000000 012700  000144                    MOV   #100, R0
      18 000004 012701  000310                    MOV   #200, R1
      19 000010 012702  000001                    MOV   #1, R2
      20 000014 012703  000001                    MOV   #1, R3
      21 000020 066702  000144                    ADD   VAL1, R2
      22 000024 066703  000310                    ADD   VAL2, R3
      23 000030 010210                            MOV   R2, @R0
      24 000032 010311                            MOV   R3, @R1
      25 000034 016704  000144                    MOV   VAL1, R4
      26 000040 016705  000310                    MOV   VAL2, R5
      27 000044 000000                            HALT
      28                                
      28                                
