       1                                ; File: SR_01.mac
       2                                ; Tests: Single subroutine call and return
       3                                
       4                                
       5                                SUB:
       6 000000 012702  000002                MOV   #2, R2
       7 000004 000200                        RTS   R0
       8 000006 012704  000004                MOV   #4, R4
       9 000012 000000                        HALT
      10                                
      11                                START:
      12 000014 012767  157777  000000G       MOV   #157777, R6
      13 000022 012700  000010                MOV   #10, R0
      14 000026 012701  000001                MOV   #1, R1
      15 000032 004067  177742                JSR   R0, SUB
      16 000036 012703  000003                MOV   #3, R3
      17 000042 000000                        HALT
      18                                      
      18                                
