       1                                ; File: SR_01.mac
       2                                ; Tests: Single subroutine call and return
       3                                
       4                                .RADIX 10
       5                                
       6                                SUB:
       7 000000 012702  000002                MOV   #2, R2
       8 000004 000200                        RTS   R0
       9 000006 012704  000004                MOV   #4, R4
      10 000012 000000                        HALT
      11                                
      12                                START:
      13 000014 012767  064121  000000G       MOV   #157777, R6
      14 000022 012700  000012                MOV   #10, R0
      15 000026 012701  000001                MOV   #1, R1
      16 000032 004067  177742                JSR   R0, SUB
      17 000036 012703  000003                MOV   #3, R3
      18 000042 000000                        HALT
      19                                      
      19                                
