       1                                ; File: SR_03.mac
       2                                ; Tests: Subroutine call and return, nested 3 recursive subroutine calls deep
       3                                
       4                                .RADIX 10
       5                                
       6                                SUB:
       7 000000 005201                        INC   R1
       8 000002 022701  000004                CMP   #4, R1
       9 000006 001402                        BEQ   END
      10 000010 004067  177764                JSR   R0, SUB
      11                                END:
      12 000014 000200                        RTS   R0
      13 000016 012704  000004                MOV   #4, R4
      14 000022 000000                        HALT
      15                                
      16                                START:
      17 000024 012767  064121  000000G       MOV   #157777, R6
      18 000032 012700  000012                MOV   #10, R0
      19 000036 012701  000001                MOV   #1, R1
      20 000042 004067  177732                JSR   R0, SUB
      21 000046 012703  000003                MOV   #3, R3
      22 000052 000000                        HALT
      23                                      
      23                                
