       1                                ; File: SR_01.mac
       2                                ; Tests: Single subroutine call and return
       3                                
       4                                .RADIX 10
       5                                
       6                                SUB:
       7 000000 012702  000002                MOV   #2, R2
       8 000004 000200                        RTS   R0
       9 000006 012704  000004                MOV   #4, R4
      10 000012 000000                        HALT
      11                                
      12                                START:
      13 000014 012700  000012                MOV   #10, R0
      14 000020 012701  000001                MOV   #1, R1
      15 000024 004067  177750                JSR   R0, SUB
      16 000030 012703  000003                MOV   #3, R3
      17 000034 000000                        HALT
      18                                      
      18                                
