       1                                ; File: AM_04.mac
       2                                ; Tests: Auto Increment deferred addressing
       3                                
       4                                .RADIX 10
       5                                .PSECT ABS
       6                                
       7 000144                         .=.+100
       8 000144 000024                          .WORD 20
       9 000146 000036                          .WORD 30
      10                                
      11 000460                         .=.+200
      12 000460 000132                          .WORD 90
      13 000462 000120                          .WORD 80
      14                                
      15 001140                         .=.+300
      16 001140 000144                          .WORD 100
      17 001142 000146                          .WORD 102
      18                                
      19 001764                         .=.+400
      20 001764 000310                          .WORD 200
      21 001766 000312                          .WORD 202
      22                                
      23                                .PSECT REL
      24                                
      25                                START:
      26 000000 012700  000454                  MOV   #300, R0
      27 000004 012701  000620                  MOV   #400, R1
      28 000010 012702  000312                  MOV   #202, R2
      29 000014 013031                          MOV   @(R0)+, @(R1)+
      30 000016 013031                          MOV   @(R0)+, @(R1)+
      31 000020 011203                          MOV   @R2, R3
      32 000022 000257                          CCC
      33 000024 000000                          HALT
      34                                
      34                                
