       1                                ; File: AM_07.mac
       2                                ; Tests: Indexed addressing
       3                                
       4                                .RADIX 10
       5                                .PSECT ABS
       6                                
       7 000144                         .=.+100
       8 000144 000024                          .WORD 20
       9 000146 000036                          .WORD 30
      10 000150 000050                          .WORD 40
      11                                
      12 000630                         .=.+302
      13 000630 000062                          .WORD 50
      14                                
      15                                .PSECT REL
      16                                
      17                                START:
      18 000000 012700  000146                  MOV   #102, R0
      19 000004 012705  000454                  MOV   #300, R5
      20 000010 016002  177776                  MOV   -2(R0), R2
      21 000014 016003  000000                  MOV   0(R0), R3
      22 000020 016004  000002                  MOV   2(R0), R4
      23 000024 010465  000002                  MOV   R4, 2(R5)
      24 000030 016501  000002                  MOV   2(R5), R1
      25 000034 000257                          CCC
      26 000036 000000                          HALT
      27                                
      27                                
