       1                                ; File: AM_06.mac
       2                                ; Tests: Auto Decrement deferred addressing
       3                                
       4                                .RADIX 10
       5                                .PSECT ABS
       6                                
       7 000144                         .=.+100
       8 000144 000024                          .WORD 20
       9 000146 000036                          .WORD 30
      10                                
      11 000310                         .=.+96
      12 000310 000132                          .WORD 90
      13 000312 000120                          .WORD 80
      14                                
      15 000454                         .=.+96
      16 000454 000144                          .WORD 100
      17 000456 000146                          .WORD 102
      18                                
      19 000620                         .=.+96
      20 000620 000310                          .WORD 200
      21 000622 000312                          .WORD 202
      22                                
      23                                .PSECT REL
      24                                
      25                                START:
      26 000000 012700  000460                  MOV   #304, R0
      27 000004 012701  000624                  MOV   #404, R1
      28 000010 012702  000310                  MOV   #200, R2
      29 000014 015051                          MOV   @-(R0), @-(R1)
      30 000016 015051                          MOV   @-(R0), @-(R1)
      31 000020 011203                          MOV   @R2, R3
      32 000022 000257                          CCC
      33 000024 000000                          HALT
      34                                
      34                                
