       1                                ; File: AM_03.mac
       2                                ; Tests: Auto Increment addressing
       3                                
       4                                .RADIX 10
       5                                .PSECT ABS
       6                                
       7 000144                         .=.+100
       8 000144 000024                          .WORD 20
       9 000146 000036                          .WORD 30
      10                                
      11 000310                         .=.+96
      12 000310 000132                          .WORD 90
      13 000312 000120                          .WORD 80
      14                                
      15                                .PSECT REL
      16                                
      17                                START:
      18 000000 012700  000144                  MOV   #100, R0
      19 000004 012701  000310                  MOV   #200, R1
      20 000010 012702  000312                  MOV   #202, R2
      21 000014 012021                          MOV   (R0)+, (R1)+
      22 000016 012021                          MOV   (R0)+, (R1)+
      23 000020 011203                          MOV   @R2, R3
      24 000022 000257                          CCC
      25 000024 000000                          HALT
      26                                
      26                                
