       1                                ; File: AM_02.mac
       2                                ; Tests: Register deferred addressing mode
       3                                
       4                                .RADIX 10
       5                                .PSECT ABS
       6                                
       7 000144                         .=.+100
       8 000144 000012                          .WORD 10.
       9 000310                         .=.+98
      10 000310 000024                          .WORD 20.
      11 000454                         .=.+98
      12 000454 000036                          .WORD 30.
      13                                
      14                                .PSECT REL
      15                                
      16                                START:
      17 000000 012701  000144                  MOV   #100, R1
      18 000004 012702  000310                  MOV   #200, R2
      19 000010 012703  000454                  MOV   #300, R3
      20 000014 011104                          MOV   @R1, R4
      21 000016 010412                          MOV   R4, @R2
      22 000020 011213                          MOV   @R2, @R3
      23 000022 011305                          MOV   @R3, R5
      24 000024 000257                          CCC
      25 000026 000000                          HALT
      26                                
      26                                
