       1                                ; File: AM_08.mac
       2                                ; Tests: Indexed deferred addressing
       3                                
       4                                .RADIX 10
       5                                .PSECT ABS
       6                                
       7 000144                         .=.+100
       8 000144 000024                          .WORD 20
       9 000146 000036                          .WORD 30
      10 000150 000050                          .WORD 40
      11                                
      12 000462                         .=.+200
      13 000462 000144                          .WORD 100
      14 000464 000146                          .WORD 102
      15 000466 000150                          .WORD 104
      16                                
      17 001144                         .=.+300
      18 001144 000062                          .WORD 50
      19                                
      20 001770                         .=.+402
      21 001770 000454                          .WORD 300
      22                                
      23                                .PSECT REL
      24                                
      25                                START:
      26 000000 012700  000312                  MOV   #202, R0
      27 000004 012705  000620                  MOV   #400, R5
      28 000010 017002  177776                  MOV   @-2(R0), R2
      29 000014 017003  000000                  MOV   @0(R0), R3
      30 000020 017004  000002                  MOV   @2(R0), R4
      31 000024 010475  000002                  MOV   R4, @2(R5)
      32 000030 017501  000002                  MOV   @2(R5), R1
      33 000034 000257                          CCC
      34 000036 000000                          HALT
      35                                
      35                                
