       1                                ; File: AM_12.mac
       2                                ; Tests: Relative addressing
       3                                
       4                                .RADIX 10
       5                                .PSECT ABS
       6                                
       7 000144                         .=.+100
       8 000144 000024                  W1:       .WORD 20
       9 000146 000036                  W2:       .WORD 30
      10                                
      11 000310                         .=.+96
      12                                
      13 000310 000144                  W3:       .WORD 100
      14 000312 000146                  W4:       .WORD 102
      15                                          
      16                                .PSECT REL
      17                                
      18                                START:
      19 000000 012700  000062                  MOV     #50, R0
      20 000004 010077  000310                  MOV     R0, @W3
      21 000010 017777  000310  000312          MOV     @W3, @W4
      22 000016 017701  000312                  MOV     @W4, R1
      23 000022 000000                          HALT  
      24                                
      24                                
