       1                                ; File: AM_10.mac
       2                                ; Tests: Absolute addressing
       3                                
       4                                .RADIX 10
       5                                .PSECT ABS
       6                                
       7 000144                         .=.+100
       8 000144 000024                          .WORD 20
       9 000146 000036                          .WORD 30
      10 000150 000050                          .WORD 40
      11                                
      12                                .PSECT REL
      13                                
      14                                START:
      15 000000 012700  000150                  MOV   #104, R0
      16 000004 013737  000144  000150          MOV   @#100, @#104
      17 000012 011001                          MOV   @R0, R1
      18 000014 000257                          CCC
      19 000016 000000                          HALT
      20                                
      20                                
