       1                                ; File: AM_12.mac
       2                                ; Tests: Relative addressing
       3                                
       4                                .RADIX 10
       5                                .PSECT ABS
       6                                
       7 000144                         .=.+100
       8 000144 000024                  W1:       .WORD 20
       9 000146 000036                  W2:       .WORD 30
      10                                
      11                                .PSECT REL
      12                                
      13 000000 000144                            .WORD 100
      14 000002 000146                            .WORD 102
      15                                
      16                                START:
      17 000004 016767  177774' 177772'         MOV     -4, -6
      18 000012 016700  000144                  MOV     W1, R0
      19 000016 000257                          CCC
      20 000020 000000                          HALT  
      21                                
      21                                
