       1                                ; File: DO_01.mac
       2                                ; Tests: Double operand move instruction
       3                                
       4                                .RADIX 10
       5                                
       6                                L9:
       7 000000 012705  000003                  MOV   #3, R5
       8 000004 000000                          HALT
       9                                
      10                                L2:
      11 000006 103374                          BCC   L9
      12 000010 102773                          BVS   L9
      13 000012 012703  000002                  MOV   #2, R3
      14 000016 000000                          HALT
      15                                
      16                                L1:     
      17 000020 100767                          BMI   L9
      18 000022 012702  177773                  MOV   #-5, R2
      19 000026 100767                          BMI   L2
      20 000030 000000                          HALT
      21                                
      22                                START:
      23 000032 000261                          SEC
      24 000034 012701  000005                  MOV   #5, R1
      25 000040 001757                          BEQ   L9
      26 000042 012702  000000                  MOV   #0, R2
      27 000046 001764                          BEQ   L1
      28 000050 000000                          HALT
      29                                
      29                                
