       1                                ; File: DO_05.mac
       2                                ; Tests: Double operand bit set instruction
       3                                
       4                                L9:
       5 000000 012705  000003                  MOV   #3, R5
       6 000004 000000                          HALT
       7                                
       8                                
       9                                L2:
      10 000006 103374                          BCC   L9
      11 000010 102773                          BVS   L9
      12 000012 012700  000003                  MOV   #3, R0
      13 000016 000257                          CCC
      14 000020 000000                          HALT
      15                                
      16                                L1:     
      17 000022 100766                          BMI   L9
      18 000024 040401                          BIC   R4, R1
      19 000026 100767                          BMI   L2
      20 000030 000000                          HALT
      21                                
      22                                START:
      23 000032 012701  177774                  MOV   #-4, R1
      24 000036 012702  000001                  MOV   #1, R2
      25 000042 012703  000002                  MOV   #2, R3
      26 000046 012704  000000                  MOV   #0, R4
      27 000052 012705  000000                  MOV   #0, R5
      28 000056 050203                          BIS   R2, R3
      29 000060 001747                          BEQ   L9
      30 000062 050405                          BIS   R4, R5
      31 000064 001756                          BEQ   L1
      32 000066 000000                          HALT
      33                                
      33                                
