       1                                ; File: DO_03.mac
       2                                ; Tests: Double operand bit test instruction
       3                                
       4                                L9:
       5 000000 012705  000003                  MOV   #3, R5
       6 000004 000000                          HALT
       7                                
       8                                
       9                                L2:
      10 000006 103374                          BCC   L9
      11 000010 102773                          BVS   L9
      12 000012 000257                          CCC
      13 000014 000000                          HALT
      14                                
      15                                L1:     
      16 000016 012701  177774                  MOV   #-4, R1
      17 000022 012702  177774                  MOV   #-4, R2
      18 000026 030301                          BIT   R3, R1
      19 000030 100763                          BMI   L9
      20 000032 030102                          BIT   R1, R2
      21 000034 100764                          BMI   L2
      22 000036 000000                          HALT
      23                                
      24                                
      25                                START:
      26 000040 000261                          SEC
      27 000042 012701  000001                  MOV   #1, R1
      28 000046 012702  000002                  MOV   #2, R2
      29 000052 012703  000001                  MOV   #1, R3
      30 000056 030301                          BIT   R3, R1
      31 000060 001747                          BEQ   L9
      32 000062 030201                          BIT   R2, R1
      33 000064 001754                          BEQ   L1
      34 000066 000000                          HALT
      35                                
      35                                
