       1                                ; File: DO_05.mac
       2                                ; Tests: Double operand bit set instruction
       3                                
       4                                .RADIX 10
       5                                
       6                                L9:
       7 000000 012705  000003                  MOV   #3, R5
       8 000004 000000                          HALT
       9                                
      10                                
      11                                L2:
      12 000006 103374                          BCC   L9
      13 000010 102773                          BVS   L9
      14 000012 012700  000003                  MOV   #3, R0
      15 000016 000257                          CCC
      16 000020 000000                          HALT
      17                                
      18                                L1:     
      19 000022 100766                          BMI   L9
      20 000024 040401                          BIC   R4, R1
      21 000026 100767                          BMI   L2
      22 000030 000000                          HALT
      23                                
      24                                START:
      25 000032 012701  177774                  MOV   #-4, R1
      26 000036 012702  000001                  MOV   #1, R2
      27 000042 012703  000002                  MOV   #2, R3
      28 000046 012704  000000                  MOV   #0, R4
      29 000052 012705  000000                  MOV   #0, R5
      30 000056 050203                          BIS   R2, R3
      31 000060 001747                          BEQ   L9
      32 000062 050405                          BIS   R4, R5
      33 000064 001756                          BEQ   L1
      34 000066 000000                          HALT
      35                                
      35                                
