       1                                ; File: DO_07.mac
       2                                ; Tests: Double operand subtract instruction
       3                                
       4                                .RADIX 10
       5                                
       6 000000 100000                  MIN:     .WORD    -32768.
       7                                
       8                                L9:
       9 000002 012705  000003                  MOV   #3, R5
      10 000006 000000                          HALT
      11                                
      12                                L4:
      13 000010 012704  000004                  MOV #4, R4
      14 000014 000257                          CCC
      15 000016 000000                          HALT
      16                                
      17                                L3:
      18 000020 016701  177754                  MOV   MIN, R1
      19 000024 012702  000002                  MOV   #2, R2
      20 000030 012703  000000                  MOV   #0, R3
      21 000034 160301                          SUB   R3, R1
      22 000036 102761                          BVS   L9
      23 000040 160102                          SUB   R1, R2
      24 000042 102762                          BVS   L4
      25 000044 000000                          HALT
      26                                
      27                                L2:
      28 000046 012701  000000                  MOV   #MIN, R1
      29 000052 012702  000001                  MOV   #1, R2
      30 000056 012703  000000                  MOV   #0, R3
      31 000062 160301                          SUB   R3, R1
      32 000064 103346                          BCC   L9
      33 000066 160102                          SUB   R1, R2
      34 000070 103353                          BCC   L3
      35 000072 000000                          HALT
      36                                
      37                                L1:     
      38 000074 012701  000005                  MOV   #5, R1
      39 000100 012703  000003                  MOV   #3, R3
      40 000104 160301                          SUB   R3, R1 ; R1 is now 2
      41 000106 100735                          BMI   L9
      42 000110 160301                          SUB   R3, R1 ; R1 is now -1
      43 000112 100755                          BMI   L2
      44 000114 000000                          HALT
      45                                
      46                                START:
      47 000116 012701  000005                  MOV   #5, R1
      48 000122 012702  000002                  MOV   #2, R2
      49 000126 012703  000003                  MOV   #3, R3
      50 000132 160201                          SUB   R2, R1
      51 000134 001722                          BEQ   L9
      52 000136 160301                          SUB   R3, R1
      53 000140 001755                          BEQ   L1
      54 000142 000000                          HALT
      55                                
      55                                
