       1                                ; File: DO_02.mac
       2                                ; Tests: Double operand compare instruction
       3                                
       4                                .RADIX 10
       5                                
       6                                
       7                                L9:
       8 000000 012705  000003                  MOV   #3, R5
       9 000004 000000                          HALT
      10                                
      11                                L4:
      12 000006 000257                          CCC
      13 000010 000000                          HALT
      14                                
      15                                L3:
      16 000012 020302                          CMP   R3, R2
      17 000014 103371                          BCC   L9
      18 000016 012705  177777                  MOV   #-1, R5
      19 000022 020405                          CMP   R4, R5
      20 000024 103370                          BCC   L4
      21 000026 000000                          HALT
      22                                
      23                                L2:
      24 000030 020302                          CMP   R3, R2
      25 000032 102762                          BVS   L9
      26 000034 012704  077777                  MOV   #32767, R4
      27 000040 012705  177776                  MOV   #-2, R5
      28 000044 020405                          CMP   R4, R5
      29 000046 102761                          BVS   L3
      30 000050 000000                          HALT
      31                                
      32                                L1:     
      33 000052 020301                          CMP   R3, R1
      34 000054 100751                          BMI   L9
      35 000056 020103                          CMP   R1, R3
      36 000060 100763                          BMI   L2
      37 000062 000000                          HALT
      38                                
      39                                START:
      40                                
      41 000064 012701  000001                  MOV   #1, R1
      42 000070 012702  000001                  MOV   #1, R2
      43 000074 012703  000002                  MOV   #2, R3
      44 000100 020301                          CMP   R3, R1
      45 000102 001736                          BEQ   L9
      46 000104 020201                          CMP   R2, R1
      47 000106 001761                          BEQ   L1
      48 000110 000000                          HALT
      49                                
      49                                
