       1                                ; File: DO_07.mac
       2                                ; Tests: Double operand subtract instruction
       3                                
       4 000000 100000                  MIN:     .WORD    -32768.
       5                                
       6                                L9:
       7 000002 012705  000003                  MOV   #3, R5
       8 000006 000000                          HALT
       9                                
      10                                L4:
      11 000010 012704  000004                  MOV #4, R4
      12 000014 000257                          CCC
      13 000016 000000                          HALT
      14                                
      15                                L3:
      16 000020 016701  177754                  MOV   MIN, R1
      17 000024 012702  000002                  MOV   #2, R2
      18 000030 012703  000000                  MOV   #0, R3
      19 000034 160301                          SUB   R3, R1
      20 000036 102761                          BVS   L9
      21 000040 160102                          SUB   R1, R2
      22 000042 102762                          BVS   L4
      23 000044 000000                          HALT
      24                                
      25                                L2:
      26 000046 012701  000000                  MOV   #MIN, R1
      27 000052 012702  000001                  MOV   #1, R2
      28 000056 012703  000000                  MOV   #0, R3
      29 000062 160301                          SUB   R3, R1
      30 000064 103346                          BCC   L9
      31 000066 160102                          SUB   R1, R2
      32 000070 103353                          BCC   L3
      33 000072 000000                          HALT
      34                                
      35                                L1:     
      36 000074 012701  000005                  MOV   #5, R1
      37 000100 012703  000003                  MOV   #3, R3
      38 000104 160301                          SUB   R3, R1 ; R1 is now 2
      39 000106 100735                          BMI   L9
      40 000110 160301                          SUB   R3, R1 ; R1 is now -1
      41 000112 100755                          BMI   L2
      42 000114 000000                          HALT
      43                                
      44                                START:
      45 000116 012701  000005                  MOV   #5, R1
      46 000122 012702  000002                  MOV   #2, R2
      47 000126 012703  000003                  MOV   #3, R3
      48 000132 160201                          SUB   R2, R1
      49 000134 001722                          BEQ   L9
      50 000136 160301                          SUB   R3, R1
      51 000140 001755                          BEQ   L1
      52 000142 000000                          HALT
      53                                
      53                                
