       1                                ; File: DO_04.mac
       2                                ; Tests: Double operand bit clear instruction
       3                                
       4                                .RADIX 10
       5                                
       6                                L9:
       7 000000 012705  000003                  MOV   #3, R5
       8 000004 000000                          HALT
       9                                
      10                                
      11                                L2:
      12 000006 103774                          BCS   L9
      13 000010 102773                          BVS   L9
      14 000012 012700  000003                  MOV   #3, R0
      15 000016 000000                          HALT
      16                                
      17                                L1:     
      18 000020 100767                          BMI   L9
      19 000022 040201                          BIC   R2, R1
      20 000024 100770                          BMI   L2
      21 000026 000000                          HALT
      22                                
      23                                START:
      24 000030 012701  177774                  MOV   #-4, R1
      25 000034 012702  000001                  MOV   #1, R2
      26 000040 012703  000002                  MOV   #2, R3
      27 000044 012704  000001                  MOV   #1, R4
      28 000050 040203                          BIC   R2, R3
      29 000052 001752                          BEQ   L9
      30 000054 040204                          BIC   R2, R4
      31 000056 001760                          BEQ   L1
      32 000060 000000                          HALT
      33                                
      33                                
