       1                                ; File: DO_03.mac
       2                                ; Tests: Double operand bit test instruction
       3                                
       4                                .RADIX 10
       5                                
       6                                L9:
       7 000000 012705  000003                  MOV   #3, R5
       8 000004 000000                          HALT
       9                                
      10                                
      11                                L2:
      12 000006 103374                          BCC   L9
      13 000010 102773                          BVS   L9
      14 000012 000257                          CCC
      15 000014 000000                          HALT
      16                                
      17                                L1:     
      18 000016 012701  177774                  MOV   #-4, R1
      19 000022 012702  177774                  MOV   #-4, R2
      20 000026 030301                          BIT   R3, R1
      21 000030 100763                          BMI   L9
      22 000032 030102                          BIT   R1, R2
      23 000034 100764                          BMI   L2
      24 000036 000000                          HALT
      25                                
      26                                
      27                                START:
      28 000040 000261                          SEC
      29 000042 012701  000001                  MOV   #1, R1
      30 000046 012702  000002                  MOV   #2, R2
      31 000052 012703  000001                  MOV   #1, R3
      32 000056 030301                          BIT   R3, R1
      33 000060 001747                          BEQ   L9
      34 000062 030201                          BIT   R2, R1
      35 000064 001754                          BEQ   L1
      36 000066 000000                          HALT
      37                                
      37                                
