       1                                ; File: DO_07.mac
       2                                ; Tests: Double operand subtract instruction
       3                                
       4                                .RADIX 10
       5                                
       6                                L9:
       7 000000 012705  000003                  MOV   #3, R5
       8 000004 000000                          HALT
       9                                
      10                                L4:
      11 000006 012704  000004                  MOV #4, R4
      12 000012 000257                          CCC
      13 000014 000000                          HALT
      14                                
      15                                L3:
      16 000016 012701  100000                  MOV   #-32768, R1
      17 000022 012702  000002                  MOV   #2, R2
      18 000026 012703  000000                  MOV   #0, R3
      19 000032 160301                          SUB   R3, R1
      20 000034 102761                          BVS   L9
      21 000036 160102                          SUB   R1, R2
      22 000040 102762                          BVS   L4
      23 000042 000000                          HALT
      24                                
      25                                L2:
      26 000044 012701  100000                  MOV   #-32768, R1
      27 000050 012702  000001                  MOV   #1, R2
      28 000054 012703  000000                  MOV   #0, R3
      29 000060 160301                          SUB   R3, R1
      30 000062 103346                          BCC   L9
      31 000064 160102                          SUB   R1, R2
      32 000066 103353                          BCC   L3
      33 000070 000000                          HALT
      34                                
      35                                L1:     
      36 000072 012701  000005                  MOV   #5, R1
      37 000076 012703  000003                  MOV   #3, R3
      38 000102 160301                          SUB   R3, R1 ; R1 is now 2
      39 000104 100735                          BMI   L9
      40 000106 160301                          SUB   R3, R1 ; R1 is now -1
      41 000110 100755                          BMI   L2
      42 000112 000000                          HALT
      43                                
      44                                START:
      45 000114 012701  000005                  MOV   #5, R1
      46 000120 012702  000002                  MOV   #2, R2
      47 000124 012703  000003                  MOV   #3, R3
      48 000130 160201                          SUB   R2, R1 ; R1 is now 3
      49 000132 001722                          BEQ   L9
      50 000134 160301                          SUB   R3, R1 ; R1 is now 0
      51 000136 001755                          BEQ   L1
      52 000140 000000                          HALT
      53                                
      53                                
