       1                                ; File: DO_01.mac
       2                                ; Tests: Double operand move instruction
       3                                
       4                                L9:
       5 000000 012705  000003                  MOV   #3, R5
       6 000004 000000                          HALT
       7                                
       8                                L2:
       9 000006 103374                          BCC   L9
      10 000010 102773                          BVS   L9
      11 000012 012703  000002                  MOV   #2, R3
      12 000016 000000                          HALT
      13                                
      14                                L1:     
      15 000020 100767                          BMI   L9
      16 000022 012702  177773                  MOV   #-5, R2
      17 000026 100767                          BMI   L2
      18 000030 000000                          HALT
      19                                
      20                                START:
      21 000032 000261                          SEC
      22 000034 012701  000005                  MOV   #5, R1
      23 000040 001757                          BEQ   L9
      24 000042 012702  000000                  MOV   #0, R2
      25 000046 001764                          BEQ   L1
      26 000050 000000                          HALT
      27                                
      27                                
