       1                                ; File: SO_08.mac
       2                                ; Tests: Test
       3                                
       4                                .RADIX 10
       5                                
       6                                L9:
       7 000000 012705  000005                  MOV     #5, R5
       8 000004 000000                          HALT
       9                                
      10                                L2:
      11 000006 012702  000002                  MOV     #2, R2
      12 000012 000000                          HALT
      13                                
      14                                L1:
      15 000014 012701  177776                  MOV     #-2, R1
      16 000020 005701                          TST     R1
      17 000022 103766                          BCS     L9
      18 000024 102765                          BVS     L9
      19 000026 001764                          BEQ     L9
      20 000030 100766                          BMI     L2
      21 000032 000000                          HALT
      22                                START:
      23 000034 012701  000000                  MOV     #0, R1
      24 000040 005701                          TST     R1
      25 000042 103756                          BCS     L9
      26 000044 102755                          BVS     L9
      27 000046 100754                          BMI     L9
      28 000050 001761                          BEQ     L1
      29 000052 000000                          HALT
      30                                
      30                                
