       1                                ; File: SO_03.mac
       2                                ; Tests: Increment
       3                                
       4                                .RADIX 10
       5                                
       6                                L9:
       7 000000 012705  000005                  MOV     #5, R5
       8 000004 000000                          HALT
       9                                
      10                                L3:
      11 000006 012700  000003                  MOV   #3, R0
      12 000012 000000                          HALT
      13                                
      14                                L2:
      15 000014 012701  177776                  MOV    #-2, R1
      16 000020 005201                          INC    R1
      17 000022 102766                          BVS    L9
      18 000024 103765                          BCS    L9
      19 000026 001764                          BEQ    L9
      20 000030 100766                          BMI    L3
      21 000032 000000                          HALT
      22                                        
      23                                L1:
      24 000034 012701  077777                  MOV    #32767, R1
      25 000040 005201                          INC    R1
      26 000042 102764                          BVS    L2
      27 000044 000000                          HALT
      28                                
      29                                
      30                                START:
      31 000046 000257                          CCC
      32 000050 012701  177777                  MOV     #-1, R1
      33 000054 005201                          INC     R1
      34 000056 103750                          BCS     L9
      35 000060 100747                          BMI     L9
      36 000062 102746                          BVS     L9
      37 000064 001763                          BEQ     L1
      38 000066 000000                          HALT
      39                                
      39                                
