       1                                ; File: SO_09.mac
       2                                ; Tests: Rotate Right with C
       3                                
       4                                .RADIX 10
       5                                
       6                                L9:
       7 000000 012705  000005                  MOV     #5, R5
       8 000004 000000                          HALT
       9                                
      10                                L4:
      11 000006 012703  000004                  MOV     #4, R3
      12 000012 000000                          HALT
      13                                
      14                                L3:
      15 000014 012701  000001                  MOV     #1, R1
      16 000020 006001                          ROR     R1
      17 000022 103771                          BCS     L4
      18 000024 000000                          HALT
      19                                
      20                                L2:
      21 000026 012701  000000                  MOV     #0, R1
      22 000032 000257                          CCC
      23 000034 006001                          ROR     R1
      24 000036 100760                          BMI     L9
      25 000040 103757                          BCS     L9
      26 000042 102756                          BVS     L9
      27 000044 001763                          BEQ     L3
      28 000046 000000                          HALT
      29                                
      30                                L1:
      31 000050 006001                          ROR     R1
      32 000052 001752                          BEQ     L9
      33 000054 100751                          BMI     L9
      34 000056 102763                          BVS     L2
      35 000060 000000                          HALT
      36                                
      37                                START:
      38 000062 012701  000002                  MOV     #2, R1
      39 000066 000261                          SEC
      40 000070 006001                          ROR     R1
      41 000072 103742                          BCS     L9
      42 000074 001741                          BEQ     L9
      43 000076 100764                          BMI     L1
      44 000100 000000                          HALT
      45                                
      45                                
