       1                                ; File: SO_07.mac
       2                                ; Tests: Subtract carry
       3                                
       4                                .RADIX 10
       5                                
       6                                L9:
       7 000000 012705  000005                  MOV     #5, R5
       8 000004 000000                          HALT
       9                                
      10                                L4:
      11 000006 012703  000003                  MOV     #3, R3
      12 000012 000000                          HALT
      13                                
      14                                L3:
      15 000014 000261                          SEC   
      16 000016 012701  177776                  MOV     #-2, R1
      17 000022 005601                          SBC     R1
      18 000024 102765                          BVS     L9
      19 000026 103364                          BCC     L9
      20 000030 001763                          BEQ     L9
      21 000032 100765                          BMI     L4
      22 000034 000000                          HALT
      23                                
      24                                L2:
      25 000036 000261                          SEC
      26 000040 012701  177777                  MOV     #-1, R1
      27 000044 005601                          SBC     R1
      28 000046 102754                          BVS     L9
      29 000050 103361                          BCC     L3
      30 000052 000000                          HALT
      31                                
      32                                L1:
      33 000054 000261                          SEC
      34 000056 012701  100001                  MOV     #-32767, R1
      35 000062 005601                          SBC     R1
      36 000064 103745                          BCS     L9
      37 000066 102763                          BVS     L2
      38 000070 000000                          HALT
      39                                
      40                                START:
      41 000072 000261                          SEC
      42 000074 012701  000001                  MOV     #1, R1
      43 000100 005601                          SBC     R1
      44 000102 102736                          BVS     L9
      45 000104 100735                          BMI     L9
      46 000106 103334                          BCC     L9
      47 000110 001761                          BEQ     L1
      48 000112 000000                          HALT
      49                                
      49                                
