       1                                ; File: SO_02.mac
       2                                ; Tests: Complement
       3                                
       4                                .RADIX    10
       5                                
       6                                L9:
       7 000000 012700  000011                MOV     #9, R0
       8 000004 000000                        HALT
       9                                
      10                                L2:
      11 000006 012703  000001                MOV     #1, R3
      12 000012 000000                        HALT
      13                                L1:
      14 000014 012702  177777                MOV     #-1, R2
      15 000020 005102                        COM     R2
      16 000022 100766                        BMI     L9
      17 000024 102765                        BVS     L9
      18 000026 103364                        BCC     L9
      19 000030 001766                        BEQ     L2
      20 000032 000000                        HALT
      21                                
      22                                START:
      23 000034 012701  000001                MOV     #1, R1
      24 000040 005101                        COM     R1
      25 000042 103356                        BCC     L9
      26 000044 102755                        BVS     L9
      27 000046 001754                        BEQ     L9
      28 000050 100761                        BMI     L1
      29 000052 000000                        HALT
      30                                
      30                                
