       1                                ; File: SO_06.mac
       2                                ; Tests: Add carry
       3                                
       4                                .RADIX 10
       5                                
       6                                L9:
       7 000000 012705  000005                  MOV     #5, R5
       8 000004 000000                          HALT
       9                                
      10                                L4:
      11 000006 012703  000003                  MOV     #3, R3
      12 000012 000000                          HALT
      13                                
      14                                L3:
      15 000014 000261                          SEC   
      16 000016 012701  177776                  MOV     #-2, R1
      17 000022 000000G 000001                  ADDC    R1
      18 000026 102764                          BVS     L9
      19 000030 103763                          BCS     L9
      20 000032 001762                          BEQ     L9
      21 000034 100764                          BMI     L4
      22 000036 000000                          HALT
      23                                
      24                                L2:
      25 000040 000261                          SEC
      26 000042 012701  100000                  MOV     #-32768, R1
      27 000046 000000G 000001                  ADDC    R1
      28 000052 102752                          BVS     L9
      29 000054 103757                          BCS     L3
      30 000056 000000                          HALT
      31                                
      32                                L1:
      33 000060 000261                          SEC
      34 000062 012701  077777                  MOV     #32767, R1
      35 000066 000000G 000001                  ADDC    R1
      36 000072 102762                          BVS     L2
      37 000074 000000                          HALT
      38                                        
      39                                START:
      40 000076 000261                          SEC
      41 000100 012701  177777                  MOV     #-1, R1
      42 000104 000000G 000001                  ADDC    R1
      43 000110 102733                          BVS     L9
      44 000112 103732                          BCS     L9
      45 000114 100731                          BMI     L9
      46 000116 001760                          BEQ     L1
      47 000120 000000                          HALT
      48                                
      48                                
