       1                                ; File: SO_06.mac
       2                                ; Tests: Add carry
       3                                
       4                                .RADIX 10
       5                                
       6                                L9:
       7 000000 012705  000005                  MOV     #5, R5
       8 000004 000000                          HALT
       9                                
      10                                L4:
      11 000006 012704  000004                  MOV     #4, R4
      12 000012 012703  000003                  MOV     #3, R3
      13 000016 000000                          HALT
      14                                
      15                                L3:
      16 000020 012704  000003                  MOV     #3, R4
      17 000024 000261                          SEC   
      18 000026 012701  177776                  MOV     #-2, R1
      19 000032 005501                          ADC     R1
      20 000034 102761                          BVS     L9
      21 000036 103760                          BCS     L9
      22 000040 001757                          BEQ     L9
      23 000042 100761                          BMI     L4
      24 000044 000000                          HALT
      25                                
      26                                L2:
      27 000046 012704  000002                  MOV     #2, R4
      28 000052 000261                          SEC
      29 000054 012701  100000                  MOV     #-32768, R1
      30 000060 005501                          ADC     R1
      31 000062 102746                          BVS     L9
      32 000064 103755                          BCS     L3
      33 000066 000000                          HALT
      34                                
      35                                L1:
      36 000070 012704  000001                  MOV     #1, R4
      37 000074 000261                          SEC
      38 000076 012701  077777                  MOV     #32767, R1
      39 000102 005501                          ADC     R1
      40 000104 102760                          BVS     L2
      41 000106 000000                          HALT
      42                                        
      43                                START:
      44 000110 000261                          SEC
      45 000112 012701  177777                  MOV     #-1, R1
      46 000116 005501                          ADC     R1
      47 000120 100727                          BMI     L9
      48 000122 001762                          BEQ     L1
      49 000124 000000                          HALT
      50                                
      50                                
