       1                                ; File: SO_01.mac
       2                                ; Tests: Clear
       3                                
       4                                L2:
       5 000000 012703  000002                MOV   #2, R3
       6 000004 000000                        HALT
       7                                
       8                                L1:
       9 000006 012700  000001                MOV   #1, R0
      10 000012 000000                        HALT     
      11                                
      12                                START:
      13 000014 000257                        CCC
      14 000016 012701  000003                MOV   #3, R1
      15 000022 005001                        CLR   R1
      16 000024 001365                        BNE   L2
      17 000026 100764                        BMI   L2
      18 000030 103763                        BCS   L2
      19 000032 102762                        BVS   L2
      20 000034 001764                        BEQ   L1
      21 000036 000000                        HALT
      22                                
      22                                
