       1                                ; File: SO_05.mac
       2                                ; Tests: Negation (2's complement)
       3                                
       4                                .RADIX 10
       5                                
       6                                L9:
       7 000000 012705  000005                  MOV     #5, R5
       8 000004 000000                          HALT
       9                                
      10                                L4:
      11 000006 012701  177775                  MOV     #-3, R1
      12 000012 005401                          NEG     R1
      13 000014 000000                          HALT
      14                                
      15                                L3:
      16 000016 012701  100000                  MOV     #-32768, R1
      17 000022 005401                          NEG     R1
      18 000024 102770                          BVS     L4
      19 000026 000000                          HALT
      20                                
      21                                L2:
      22 000030 103372                          BCC     L3
      23 000032 000000                          HALT
      24                                
      25                                L1:
      26 000034 012701  000000                  MOV     #0, R1
      27 000040 005401                          NEG     R1
      28 000042 102756                          BVS     L9
      29 000044 100755                          BMI     L9
      30 000046 001770                          BEQ     L2
      31 000050 000000                          HALT
      32                                
      33                                START:
      34 000052 000257                          CCC
      35 000054 012701  000001                  MOV     #1, R1
      36 000060 005401                          NEG     R1
      37 000062 103346                          BCC     L9
      38 000064 102745                          BVS     L9
      39 000066 001744                          BEQ     L9
      40 000070 100761                          BMI     L1
      41 000072 000000                          HALT
      42                                
      42                                
