       1                                ; File: SO_10.mac
       2                                ; Tests: Rotate Left
       3                                
       4                                .RADIX 10
       5                                
       6                                L9:
       7 000000 012705  000005                  MOV     #5, R5
       8 000004 000000                          HALT
       9                                
      10                                L4:
      11 000006 012703  000004                  MOV     #4, R3
      12 000012 000000                          HALT
      13                                
      14                                L3:
      15 000014 000257                          CCC
      16 000016 012701  077777                  MOV     #32767, R1
      17 000022 006101                          ROL     R1
      18 000024 103765                          BCS     L9
      19 000026 100767                          BMI     L4
      20 000030 000000                          HALT
      21                                
      22                                L2:
      23 000032 001770                          BEQ     L3
      24 000034 000000                          HALT
      25                                
      26                                L1:
      27 000036 102775                          BVS     L2
      28 000040 000000                          HALT
      29                                
      30                                START:
      31 000042 000257                          CCC
      32 000044 012701  100000                  MOV     #-32768, R1
      33 000050 006101                          ROL     R1
      34 000052 100752                          BMI     L9
      35 000054 103770                          BCS     L1
      36 000056 000000                          HALT
      37                                
      37                                
