       1                                ; File: SO_14.mac
       2                                ; Tests: Swap Bytes
       3                                
       4                                .RADIX 10
       5                                
       6                                L9:
       7 000000 012705  000005                  MOV     #5, R5
       8 000004 000000                          HALT
       9                                
      10                                L1:     
      11 000006 012701  100001                  MOV     #-32767, R1
      12 000012 000301                          SWAB    R1
      13 000014 000000                          HALT
      14                                
      15                                START:
      16 000016 012701  000000                  MOV     #0, R1
      17 000022 000301                          SWAB    R1
      18 000024 103765                          BCS     L9
      19 000026 102764                          BVS     L9
      20 000030 001766                          BEQ     L1
      21 000032 000000                          HALT
      22                                
      22                                
