       1                                ; File: SO_12.mac
       2                                ; Tests: Arithmetic shift left
       3                                
       4                                .RADIX 10
       5                                
       6                                L9:
       7 000000 012705  000005                  MOV     #5, R5
       8 000004 000000                          HALT
       9                                
      10                                L3:
      11 000006 000257                          CCC
      12 000010 012701  177774                  MOV     #-4, R1
      13 000014 006301                          ASL     R1
      14 000016 000000                          HALT
      15                                
      16                                L2:
      17 000020 102772                          BVS     L3
      18 000022 000000                          HALT
      19                                
      20                                L1:
      21 000024 000257                          CCC
      22 000026 012701  100000                  MOV     #-32768, R1
      23 000032 006301                          ASL     R1
      24 000034 103771                          BCS     L2
      25 000036 000000                          HALT
      26                                
      27                                START:
      28 000040 012701  000000                  MOV     #0, R1
      29 000044 006301                          ASL     R1
      30 000046 103754                          BCS     L9
      31 000050 001765                          BEQ     L1
      32 000052 000000                          HALT
      33                                
      33                                
