       1                                ; File: SO_12.mac
       2                                ; Tests: Arithmetic shift left
       3                                
       4                                .RADIX 10
       5                                
       6                                L9:
       7 000000 012705  000005                  MOV     #5, R5
       8 000004 000000                          HALT
       9                                
      10                                L3:
      11 000006 000257                          CCC
      12 000010 012701  177774                  MOV     #-4, R1
      13 000014 006301                          ASL     R1
      14 000016 000000                          HALT
      15                                
      16                                L2:
      17 000020 102772                          BVS     L3
      18 000022 000000                          HALT
      19                                
      20                                L1:
      21 000024 000257                          CCC
      22 000026 012701  100000                  MOV     #-32768, R1
      23 000032 006301                          ASL     R1
      24 000034 001761                          BEQ     L9
      25 000036 103770                          BCS     L2
      26 000040 000000                          HALT
      27                                
      28                                START:
      29 000042 012701  000000                  MOV     #0, R1
      30 000046 006301                          ASL     R1
      31 000050 103753                          BCS     L9
      32 000052 001764                          BEQ     L1
      33 000054 000000                          HALT
      34                                
      34                                
