       1                                ; File: SO_14.mac
       2                                ; Tests: Swap Bytes
       3                                
       4                                .RADIX 10
       5                                
       6 000000 011064                  W1:   .WORD     4660
       7                                
       8                                L9:
       9 000002 012705  000005                  MOV     #5, R5
      10 000006 000000                          HALT
      11                                
      12                                L1:     
      13 000010 012701  100000                  MOV     #-32768, R1
      14 000014 000301                          SWAB    R1
      15 000016 000000                          HALT
      16                                
      17                                START:
      18 000020 012701  000000                  MOV     #0, R1
      19 000024 000301                          SWAB    R1
      20 000026 103765                          BCS     L9
      21 000030 102764                          BVS     L9
      22 000032 001766                          BEQ     L1
      23 000034 000000                          HALT
      24                                
      24                                
