       1                                ; File: CB_06.mac
       2                                ; Tests: Branch if > 0
       3                                
       4                                
       5                                ; L4 should not execute
       6                                L4:
       7 000000 012703  000004                  MOV   #4, R3
       8 000004 000000                          HALT
       9                                
      10                                ; L3 should execute
      11                                L3:
      12 000006 012703  000003                  MOV   #3, R3
      13 000012 000000                          HALT
      14                                
      15                                ; L2 should execute
      16                                L2:
      17 000014 012703  000002                  MOV   #2, R3
      18 000020 000257                          CCC
      19 000022 000264                          SEZ
      20 000024 003370                          BGT   L3
      21 000026 000000                          HALT
      22                                
      23                                ; L1 should execute
      24                                L1: 
      25 000030 012703  000001                  MOV   #1, R3
      26 000034 000257                          CCC
      27 000036 000264                          SEZ
      28 000040 000262                          SEV
      29 000042 003364                          BGT   L2
      30 000044 000000                          HALT
      31                                
      32                                START:
      33 000046 000257                          CCC
      34 000050 000262                          SEV
      35 000052 003352                          BGT   L4
      36 000054 000242                          CLV
      37 000056 000270                          SEN
      38 000060 003347                          BGT   L4
      39 000062 000250                          CLN
      40 000064 003361                          BGT   L1
      41 000066 000000                          HALT
      42                                
      42                                
