       1                                ; File: CB_05.mac
       2                                ; Tests: Branch if < 0
       3                                
       4                                
       5                                ; L3 should not execute
       6                                L3:
       7 000000 012703  000003                  MOV   #3, R3
       8 000004 000000                          HALT
       9                                
      10                                ; L2 should execute
      11                                L2:
      12 000006 012703  000002                  MOV   #2, R3
      13 000012 000000                          HALT
      14                                
      15                                ; L1 should execute
      16                                L1: 
      17 000014 012703  000001                  MOV   #1, R3
      18 000020 000262                          SEV
      19 000022 000250                          CLN
      20 000024 002770                          BLT   L2
      21 000026 000000                          HALT
      22                                
      23                                START:
      24 000030 000257                          CCC
      25 000032 002762                          BLT   L3
      26 000034 000270                          SEN
      27 000036 000262                          SEV
      28 000040 002757                          BLT   L3
      29 000042 000242                          CLV   
      30 000044 002763                          BLT   L1
      31 000046 000000                          HALT
      32                                
      32                                
