       1                                ; File: CB_10.mac
       2                                ; Tests: Branch if >
       3                                
       4                                
       5                                ; L2 should not execute
       6                                L2:
       7 000000 012703  000002                  MOV   #2, R3
       8 000004 000000                          HALT
       9                                
      10                                ; L1 should execute
      11                                L1:
      12 000006 012703  000001                  MOV   #1, R3
      13 000012 000000                          HALT
      14                                
      15                                START:
      16 000014 000257                          CCC
      17 000016 000261                          SEC
      18 000020 101367                          BHI   L2
      19 000022 000241                          CLC
      20 000024 000264                          SEZ
      21 000026 101364                          BHI   L2
      22 000030 000261                          SEC
      23 000032 101362                          BHI   L2
      24 000034 000241                          CLC
      25 000036 000244                          CLZ
      26 000040 101362                          BHI   L1
      27 000042 000000                          HALT
      28                                
      28                                
