       1                                ; File: CB_14.mac
       2                                ; Tests: Branch if C == 0 
       3                                
       4                                
       5                                ; L2 should not execute
       6                                L2:
       7 000000 012703  000002                  MOV   #2, R3
       8 000004 000000                          HALT
       9                                
      10                                ; L1 should execute
      11                                L1:
      12 000006 012703  000001                  MOV   #1, R3
      13 000012 000000                          HALT
      14                                
      15                                START:
      16 000014 000257                          CCC
      17 000016 000261                          SEC
      18 000020 103367                          BCC   L2
      19 000022 000241                          CLC
      20 000024 103370                          BCC   L1
      21 000026 000000                          HALT
      22                                
      22                                
