       1                                ; File: CB_15.mac
       2                                ; Tests: Branch if C == 1 
       3                                
       4                                
       5                                ; L2 should not execute
       6                                L2:
       7 000000 012703  000002                  MOV   #2, R3
       8 000004 000000                          HALT
       9                                
      10                                ; L1 should execute
      11                                L1:
      12 000006 012703  000001                  MOV   #1, R3
      13 000012 000000                          HALT
      14                                
      15                                START:
      16 000014 000257                          CCC
      17 000016 000000G 000000                  BSC   L2
      18 000022 000261                          SEC
      19 000024 000000G 000006                  BSC   L1
      20 000030 000000                          HALT
      21                                
      21                                
