       1                                ; File: CB_11.mac
       2                                ; Tests: Branch if < | ==
       3                                
       4                                
       5                                ; L4 should not execute
       6                                L4:
       7 000000 012703  000004                  MOV   #4, R3
       8 000004 000000                          HALT
       9                                
      10                                ; L3 should execute
      11                                L3:
      12 000006 012703  000003                  MOV   #3, R3
      13 000012 000000                          HALT
      14                                
      15                                ; L2 should execute
      16                                L2:
      17 000014 012703  000002                  MOV   #2, R3
      18 000020 000261                          SEC
      19 000022 101771                          BLOS  L3
      20 000024 000000                          HALT
      21                                
      22                                ; L1 should execute
      23                                L1:
      24 000026 012703  000001                  MOV   #1, R3
      25 000032 000241                          CLC
      26 000034 000264                          SEZ
      27 000036 101766                          BLOS  L2
      28 000040 000000                          HALT
      29                                
      30                                START:
      31 000042 000257                          CCC
      32 000044 101763                          BLOS  L2
      33 000046 000261                          SEC
      34 000050 101766                          BLOS  L1
      35 000052 000000                          HALT
      36                                
      36                                
